../Core/Src/main.c:82:6:init	16	static
../Core/Src/main.c:95:5:max	16	static
../Core/Src/main.c:99:5:min	16	static
../Core/Src/main.c:103:6:Fuzzification	4	static
../Core/Src/main.c:131:6:Create_Fuzzy_Matrix	8	static
../Core/Src/main.c:143:6:Defuzzification	24	static
../Core/Src/main.c:162:5:Compute_PWM	4	static
../Core/Src/main.c:173:6:Input_Fuzzy	16	static
../Core/Src/main.c:200:5:main	8	static
../Core/Src/main.c:261:6:SystemClock_Config	96	static
../Core/Src/main.c:322:13:MX_USART2_UART_Init	8	static
../Core/Src/main.c:357:13:MX_GPIO_Init	40	static
../Core/Src/main.c:406:6:Error_Handler	4	static,ignoring_inline_asm
